 schemaname |      table_name      |               index_name               | index_size | idx_scan |                                                                                                definition                                                                                                
------------+----------------------+----------------------------------------+------------+----------+----------------------------------------------------------------------------------------------------------------------------------------------------------------------------------------------------------
 public     | page_views           | idx_page_views_event_time              | 352 kB     |        0 | CREATE INDEX idx_page_views_event_time ON public.page_views USING btree (event_type, occurred_at DESC)
 public     | page_views           | idx_page_views_session                 | 320 kB     |        0 | CREATE INDEX idx_page_views_session ON public.page_views USING btree (session_id)
 public     | page_views           | idx_page_views_device_time             | 264 kB     |        0 | CREATE INDEX idx_page_views_device_time ON public.page_views USING btree (device_type, occurred_at DESC) WHERE (device_type IS NOT NULL)
 public     | products             | idx_products_search                    | 248 kB     |        0 | CREATE INDEX idx_products_search ON public.products USING gin (to_tsvector('arabic'::regconfig, name_ar))
 public     | vendor_products      | idx_vendor_products_created_at         | 72 kB      |        0 | CREATE INDEX idx_vendor_products_created_at ON public.vendor_products USING btree (created_at DESC)
 public     | products             | idx_products_active                    | 40 kB      |        0 | CREATE INDEX idx_products_active ON public.products USING btree (is_active) WHERE (is_active = true)
 public     | products             | idx_products_created_at                | 40 kB      |        0 | CREATE INDEX idx_products_created_at ON public.products USING btree (created_at DESC)
 public     | admin_audit_logs     | idx_admin_audit_admin                  | 16 kB      |        0 | CREATE INDEX idx_admin_audit_admin ON public.admin_audit_logs USING btree (admin_email)
 public     | addresses            | idx_addresses_user_default             | 16 kB      |        0 | CREATE INDEX idx_addresses_user_default ON public.addresses USING btree (user_id, is_default DESC) WHERE (is_default = true)
 public     | abandoned_carts      | idx_abandoned_session                  | 16 kB      |        0 | CREATE INDEX idx_abandoned_session ON public.abandoned_carts USING btree (guest_session_id) WHERE (guest_session_id IS NOT NULL)
 public     | job_applications     | idx_job_applications_status            | 16 kB      |        0 | CREATE INDEX idx_job_applications_status ON public.job_applications USING btree (status, created_at DESC)
 public     | admin_users          | idx_admin_users_phone_ci               | 16 kB      |        0 | CREATE UNIQUE INDEX idx_admin_users_phone_ci ON public.admin_users USING btree (lower(phone)) WHERE (phone IS NOT NULL)
 public     | ai_sessions          | idx_ai_sessions_user                   | 16 kB      |        0 | CREATE INDEX idx_ai_sessions_user ON public.ai_sessions USING btree (user_id)
 public     | analytics_events     | idx_analytics_events_name_time         | 16 kB      |        0 | CREATE INDEX idx_analytics_events_name_time ON public.analytics_events USING btree (event_name, occurred_at DESC)
 public     | job_applications     | idx_job_applications_job               | 16 kB      |        0 | CREATE INDEX idx_job_applications_job ON public.job_applications USING btree (job_id, created_at DESC)
 public     | abandoned_carts      | idx_abandoned_user                     | 16 kB      |        0 | CREATE INDEX idx_abandoned_user ON public.abandoned_carts USING btree (user_id) WHERE (user_id IS NOT NULL)
 public     | home_layouts         | idx_home_layouts_active                | 16 kB      |        0 | CREATE INDEX idx_home_layouts_active ON public.home_layouts USING btree (is_active) WHERE is_active
 public     | abandoned_carts      | idx_abandoned_phone                    | 16 kB      |        0 | CREATE INDEX idx_abandoned_phone ON public.abandoned_carts USING btree (guest_phone) WHERE (guest_phone IS NOT NULL)
 public     | admin_users          | idx_admin_users_email_ci               | 16 kB      |        0 | CREATE UNIQUE INDEX idx_admin_users_email_ci ON public.admin_users USING btree (lower(email)) WHERE (email IS NOT NULL)
 public     | blog_posts           | idx_blog_published                     | 16 kB      |        0 | CREATE INDEX idx_blog_published ON public.blog_posts USING btree (published_at DESC) WHERE ((status)::text = 'published'::text)
 public     | blog_posts           | idx_blog_search_ar                     | 16 kB      |        0 | CREATE INDEX idx_blog_search_ar ON public.blog_posts USING gin (to_tsvector('arabic'::regconfig, (((title_ar)::text || ' '::text) || COALESCE(content_ar, ''::text))))
 public     | blog_posts           | idx_blog_search_en                     | 16 kB      |        0 | CREATE INDEX idx_blog_search_en ON public.blog_posts USING gin (to_tsvector('english'::regconfig, (((COALESCE(title_en, ''::character varying))::text || ' '::text) || COALESCE(content_en, ''::text))))
 public     | blog_posts           | idx_blog_slug                          | 16 kB      |        0 | CREATE INDEX idx_blog_slug ON public.blog_posts USING btree (slug)
 public     | blog_posts           | idx_blog_status                        | 16 kB      |        0 | CREATE INDEX idx_blog_status ON public.blog_posts USING btree (status)
 public     | loyalty_transactions | idx_loyalty_tx_reason                  | 16 kB      |        0 | CREATE INDEX idx_loyalty_tx_reason ON public.loyalty_transactions USING btree (reason)
 public     | loyalty_transactions | idx_loyalty_tx_ref_order               | 16 kB      |        0 | CREATE INDEX idx_loyalty_tx_ref_order ON public.loyalty_transactions USING btree (ref_order_id)
 public     | cart                 | idx_cart_user                          | 16 kB      |        0 | CREATE INDEX idx_cart_user ON public.cart USING btree (user_id)
 public     | cart                 | idx_cart_user_product                  | 16 kB      |        0 | CREATE INDEX idx_cart_user_product ON public.cart USING btree (user_id, product_id)
 public     | cart                 | idx_cart_vendor                        | 16 kB      |        0 | CREATE INDEX idx_cart_vendor ON public.cart USING btree (vendor_id) WHERE (vendor_id IS NOT NULL)
 public     | categories           | idx_categories_active                  | 16 kB      |        0 | CREATE INDEX idx_categories_active ON public.categories USING btree (is_active) WHERE (is_active = true)
 public     | admin_audit_logs     | idx_admin_audit_logs_action            | 16 kB      |        0 | CREATE INDEX idx_admin_audit_logs_action ON public.admin_audit_logs USING btree (action)
 public     | guest_cart           | idx_guest_cart_session_updated         | 16 kB      |        0 | CREATE INDEX idx_guest_cart_session_updated ON public.guest_cart USING btree (session_id, updated_at DESC)
 public     | abandoned_carts      | idx_abandoned_status                   | 16 kB      |        0 | CREATE INDEX idx_abandoned_status ON public.abandoned_carts USING btree (status)
 public     | analytics_events     | idx_analytics_events_session           | 16 kB      |        0 | CREATE INDEX idx_analytics_events_session ON public.analytics_events USING btree (session_id) WHERE (session_id IS NOT NULL)
 public     | coupons              | idx_coupons_active                     | 16 kB      |        0 | CREATE INDEX idx_coupons_active ON public.coupons USING btree (is_active)
 public     | coupons              | idx_coupons_code                       | 16 kB      |        0 | CREATE INDEX idx_coupons_code ON public.coupons USING btree (code)
 public     | coupons              | idx_coupons_code_upper                 | 16 kB      |        0 | CREATE INDEX idx_coupons_code_upper ON public.coupons USING btree (upper((code)::text))
 public     | blog_posts           | idx_blog_category                      | 16 kB      |        0 | CREATE INDEX idx_blog_category ON public.blog_posts USING btree (category)
 public     | blog_posts           | idx_blog_featured                      | 16 kB      |        0 | CREATE INDEX idx_blog_featured ON public.blog_posts USING btree (is_featured) WHERE (is_featured = true)
 public     | guest_cart           | guest_cart_session_product_vendor_uniq | 16 kB      |        0 | CREATE UNIQUE INDEX guest_cart_session_product_vendor_uniq ON public.guest_cart USING btree (session_id, product_id, COALESCE(vendor_id, '00000000-0000-0000-0000-000000000001'::uuid))
(40 rows)

