        table_name        |                      index_name                       | scans | tuples_read | tuples_fetched 
--------------------------+-------------------------------------------------------+-------+-------------+----------------
 _migration_guards        | _migration_guards_pkey                                |    36 |          25 |             21
 abandoned_carts          | abandoned_carts_pkey                                  |     0 |           0 |              0
 abandoned_carts          | idx_abandoned_carts_recovered_order_id                |     0 |           0 |              0
 abandoned_carts          | idx_abandoned_last_seen                               |     4 |          50 |             50
 abandoned_carts          | idx_abandoned_phone                                   |     0 |           0 |              0
 abandoned_carts          | idx_abandoned_session                                 |     0 |           0 |              0
 abandoned_carts          | idx_abandoned_status                                  |     0 |           0 |              0
 abandoned_carts          | idx_abandoned_user                                    |     0 |           0 |              0
 abandoned_carts          | uq_abandoned_intent_order                             |     0 |           0 |              0
 addresses                | addresses_pkey                                        |   128 |         116 |            116
 addresses                | idx_addresses_guest_key                               |     0 |           0 |              0
 addresses                | idx_addresses_user_default                            |     0 |           0 |              0
 addresses                | idx_addresses_user_id                                 |     2 |           2 |              2
 admin_audit_logs         | admin_audit_logs_pkey                                 |     0 |           0 |              0
 admin_audit_logs         | idx_admin_audit_admin                                 |     0 |           0 |              0
 admin_audit_logs         | idx_admin_audit_created                               |     0 |           0 |              0
 admin_audit_logs         | idx_admin_audit_logs_action                           |     0 |           0 |              0
 admin_audit_logs         | idx_admin_audit_logs_created                          |     1 |           5 |              5
 admin_notification_reads | admin_notification_reads_admin_id_notification_id_key |     0 |           0 |              0
 admin_notification_reads | admin_notification_reads_pkey                         |     0 |           0 |              0
 admin_notification_reads | idx_admin_notification_reads_lookup                   |    26 |           0 |              0
 admin_users              | admin_users_pkey                                      |     0 |           0 |              0
 admin_users              | idx_admin_users_email_ci                              |     0 |           0 |              0
 admin_users              | idx_admin_users_phone_ci                              |     0 |           0 |              0
 ai_sessions              | ai_sessions_pkey                                      |     0 |           0 |              0
 ai_sessions              | idx_ai_sessions_user                                  |     0 |           0 |              0
 analytics_events         | analytics_events_pkey                                 |     0 |           0 |              0
 analytics_events         | idx_analytics_events_name_time                        |     0 |           0 |              0
 analytics_events         | idx_analytics_events_order                            |     0 |           0 |              0
 analytics_events         | idx_analytics_events_product_id                       |     0 |           0 |              0
 analytics_events         | idx_analytics_events_session                          |     0 |           0 |              0
 analytics_events         | idx_analytics_events_vendor_time                      |     0 |           0 |              0
 app_migrations           | app_migrations_pkey                                   |   120 |         341 |            323
 app_settings             | app_settings_pkey                                     |     0 |           0 |              0
 blog_posts               | blog_posts_pkey                                       |     0 |           0 |              0
 blog_posts               | blog_posts_slug_key                                   |     0 |           0 |              0
 blog_posts               | idx_blog_category                                     |     0 |           0 |              0
 blog_posts               | idx_blog_featured                                     |     0 |           0 |              0
 blog_posts               | idx_blog_published                                    |     0 |           0 |              0
 blog_posts               | idx_blog_search_ar                                    |     0 |           0 |              0
 blog_posts               | idx_blog_search_en                                    |     0 |           0 |              0
 blog_posts               | idx_blog_slug                                         |     0 |           0 |              0
 blog_posts               | idx_blog_status                                       |     0 |           0 |              0
 broadcast_deliveries     | broadcast_deliveries_broadcast_id_user_id_channel_key |     0 |           0 |              0
 broadcast_deliveries     | broadcast_deliveries_pkey                             |     0 |           0 |              0
 broadcast_deliveries     | idx_deliveries_broadcast_channel                      |     0 |           0 |              0
 broadcast_deliveries     | idx_deliveries_pending                                |     0 |           0 |              0
 broadcast_deliveries     | idx_deliveries_status                                 |     0 |           0 |              0
 broadcast_deliveries     | idx_deliveries_user                                   |     3 |           0 |              0
 broadcast_templates      | broadcast_templates_pkey                              |     0 |           0 |              0
(50 rows)

