 nspname |         relname          | rls_enabled | rls_forced 
---------+--------------------------+-------------+------------
 public  | abandoned_carts          | f           | f
 public  | addresses                | t           | f
 public  | admin_audit_logs         | t           | f
 public  | admin_notification_reads | f           | f
 public  | admin_users              | t           | f
 public  | ai_sessions              | t           | f
 public  | analytics_events         | t           | f
 public  | app_migrations           | f           | f
 public  | app_settings             | f           | f
 public  | blog_posts               | t           | f
 public  | broadcast_deliveries     | f           | f
 public  | broadcast_templates      | f           | f
 public  | broadcasts               | f           | f
 public  | cart                     | t           | f
 public  | categories               | f           | f
 public  | contact_messages         | f           | f
 public  | coupons                  | t           | f
 public  | delivery_settings        | t           | f
 public  | direct_order_items       | f           | f
 public  | direct_order_messages    | f           | f
 public  | direct_order_meta        | f           | f
 public  | drivers                  | t           | f
 public  | guest_cart               | t           | f
 public  | home_layouts             | f           | f
 public  | job_applications         | t           | f
 public  | loyalty_points           | t           | f
 public  | loyalty_transactions     | t           | f
 public  | native_push_tokens       | t           | f
 public  | offer_targets            | t           | f
 public  | offers                   | t           | f
 public  | order_items              | t           | f
 public  | order_status_logs        | f           | f
 public  | orders                   | t           | f
 public  | orders_refunds           | t           | f
 public  | page_views               | t           | f
 public  | payment_events           | f           | f
 public  | product_reviews          | t           | f
 public  | products                 | f           | f
 public  | push_subscriptions       | t           | f
 public  | refund_requests          | t           | f
 public  | schema_migrations        | f           | f
 public  | spin_results             | t           | f
 public  | stores                   | t           | f
 public  | user_otps                | t           | f
 public  | users                    | t           | f
 public  | vendor_applications      | t           | f
 public  | vendor_coupons           | t           | f
 public  | vendor_daily_stats       | t           | f
 public  | vendor_order_items       | t           | f
 public  | vendor_orders            | t           | f
 public  | vendor_products          | t           | f
 public  | vendor_settings          | t           | f
 public  | vendor_staff             | t           | f
 public  | vendors                  | f           | f
 public  | wishlist_items           | f           | f
(55 rows)

